// Jest Snapshot v1, https://goo.gl/fbAQLP

exports[`React Unit Tests Button Snapshot 1`] = `<button />`;
